Archive member included to satisfy reference by file (symbol)

d:/microchip studio/avr/bin/../lib/gcc/avr/5.4.0/avr25/tiny-stack/memx-const\libgcc.a(_exit.o)
                              D:/Microchip Studio/7.0/Packs/atmel/ATtiny_DFP/1.8.332/xc8/avr/lib/avr25/tiny-stack/memx-const/crtattiny13a.o (exit)
d:/microchip studio/avr/bin/../lib/gcc/avr/5.4.0/avr25/tiny-stack/memx-const\libgcc.a(_copy_data.o)
                              main.o (__do_clear_bss)

Allocating common symbols
Common symbol       size              file

l                   0x2               main.o
button              0x2               main.o
state               0x2               main.o
button_prev         0x2               main.o
i                   0x2               main.o
ir                  0x2               main.o

Discarded input sections

 .data          0x0000000000000000        0x0 D:/Microchip Studio/7.0/Packs/atmel/ATtiny_DFP/1.8.332/xc8/avr/lib/avr25/tiny-stack/memx-const/crtattiny13a.o
 .bss           0x0000000000000000        0x0 D:/Microchip Studio/7.0/Packs/atmel/ATtiny_DFP/1.8.332/xc8/avr/lib/avr25/tiny-stack/memx-const/crtattiny13a.o
 .text          0x0000000000000000        0x0 main.o
 .data          0x0000000000000000        0x0 main.o
 .bss           0x0000000000000000        0x0 main.o
 .text          0x0000000000000000        0x0 d:/microchip studio/avr/bin/../lib/gcc/avr/5.4.0/avr25/tiny-stack/memx-const\libgcc.a(_exit.o)
 .data          0x0000000000000000        0x0 d:/microchip studio/avr/bin/../lib/gcc/avr/5.4.0/avr25/tiny-stack/memx-const\libgcc.a(_exit.o)
 .bss           0x0000000000000000        0x0 d:/microchip studio/avr/bin/../lib/gcc/avr/5.4.0/avr25/tiny-stack/memx-const\libgcc.a(_exit.o)
 .text.libgcc.mul
                0x0000000000000000        0x0 d:/microchip studio/avr/bin/../lib/gcc/avr/5.4.0/avr25/tiny-stack/memx-const\libgcc.a(_exit.o)
 .text.libgcc.div
                0x0000000000000000        0x0 d:/microchip studio/avr/bin/../lib/gcc/avr/5.4.0/avr25/tiny-stack/memx-const\libgcc.a(_exit.o)
 .text.libgcc   0x0000000000000000        0x0 d:/microchip studio/avr/bin/../lib/gcc/avr/5.4.0/avr25/tiny-stack/memx-const\libgcc.a(_exit.o)
 .text.libgcc.prologue
                0x0000000000000000        0x0 d:/microchip studio/avr/bin/../lib/gcc/avr/5.4.0/avr25/tiny-stack/memx-const\libgcc.a(_exit.o)
 .text.libgcc.builtins
                0x0000000000000000        0x0 d:/microchip studio/avr/bin/../lib/gcc/avr/5.4.0/avr25/tiny-stack/memx-const\libgcc.a(_exit.o)
 .text.libgcc.fmul
                0x0000000000000000        0x0 d:/microchip studio/avr/bin/../lib/gcc/avr/5.4.0/avr25/tiny-stack/memx-const\libgcc.a(_exit.o)
 .text.libgcc.fixed
                0x0000000000000000        0x0 d:/microchip studio/avr/bin/../lib/gcc/avr/5.4.0/avr25/tiny-stack/memx-const\libgcc.a(_exit.o)
 .text          0x0000000000000000        0x0 d:/microchip studio/avr/bin/../lib/gcc/avr/5.4.0/avr25/tiny-stack/memx-const\libgcc.a(_copy_data.o)
 .data          0x0000000000000000        0x0 d:/microchip studio/avr/bin/../lib/gcc/avr/5.4.0/avr25/tiny-stack/memx-const\libgcc.a(_copy_data.o)
 .bss           0x0000000000000000        0x0 d:/microchip studio/avr/bin/../lib/gcc/avr/5.4.0/avr25/tiny-stack/memx-const\libgcc.a(_copy_data.o)
 .text.libgcc.mul
                0x0000000000000000        0x0 d:/microchip studio/avr/bin/../lib/gcc/avr/5.4.0/avr25/tiny-stack/memx-const\libgcc.a(_copy_data.o)
 .text.libgcc.div
                0x0000000000000000        0x0 d:/microchip studio/avr/bin/../lib/gcc/avr/5.4.0/avr25/tiny-stack/memx-const\libgcc.a(_copy_data.o)
 .text.libgcc   0x0000000000000000        0x0 d:/microchip studio/avr/bin/../lib/gcc/avr/5.4.0/avr25/tiny-stack/memx-const\libgcc.a(_copy_data.o)
 .text.libgcc.prologue
                0x0000000000000000        0x0 d:/microchip studio/avr/bin/../lib/gcc/avr/5.4.0/avr25/tiny-stack/memx-const\libgcc.a(_copy_data.o)
 .text.libgcc.builtins
                0x0000000000000000        0x0 d:/microchip studio/avr/bin/../lib/gcc/avr/5.4.0/avr25/tiny-stack/memx-const\libgcc.a(_copy_data.o)
 .text.libgcc.fmul
                0x0000000000000000        0x0 d:/microchip studio/avr/bin/../lib/gcc/avr/5.4.0/avr25/tiny-stack/memx-const\libgcc.a(_copy_data.o)
 .text.libgcc.fixed
                0x0000000000000000        0x0 d:/microchip studio/avr/bin/../lib/gcc/avr/5.4.0/avr25/tiny-stack/memx-const\libgcc.a(_copy_data.o)

Memory Configuration

Name             Origin             Length             Attributes
text             0x0000000000000000 0x0000000000000400 xr
data             0x0000000000800060 0x0000000000000040 rw !x
eeprom           0x0000000000810000 0x0000000000000040 rw !x
fuse             0x0000000000820000 0x0000000000000002 rw !x
lock             0x0000000000830000 0x0000000000000400 rw !x
signature        0x0000000000840000 0x0000000000000400 rw !x
user_signatures  0x0000000000850000 0x0000000000000400 rw !x
*default*        0x0000000000000000 0xffffffffffffffff

Linker script and memory map

LOAD D:/Microchip Studio/7.0/Packs/atmel/ATtiny_DFP/1.8.332/xc8/avr/lib/avr25/tiny-stack/memx-const/crtattiny13a.o
LOAD main.o
START GROUP
LOAD d:/microchip studio/avr/bin/../lib/gcc/avr/5.4.0/../../../../avr/lib/avr25/tiny-stack/memx-const\libm.a
END GROUP
START GROUP
LOAD d:/microchip studio/avr/bin/../lib/gcc/avr/5.4.0/avr25/tiny-stack/memx-const\libgcc.a
LOAD d:/microchip studio/avr/bin/../lib/gcc/avr/5.4.0/../../../../avr/lib/avr25/tiny-stack/memx-const\libm.a
LOAD d:/microchip studio/avr/bin/../lib/gcc/avr/5.4.0/../../../../avr/lib/avr25/tiny-stack/memx-const\libc.a
LOAD D:/Microchip Studio/7.0/Packs/atmel/ATtiny_DFP/1.8.332/xc8/avr/lib/avr25/tiny-stack/memx-const\libattiny13a.a
END GROUP
                0x0000000000000000                __TEXT_REGION_ORIGIN__ = DEFINED (__TEXT_REGION_ORIGIN__)?__TEXT_REGION_ORIGIN__:0x0
                [0x0000000000800060]                __DATA_REGION_ORIGIN__ = DEFINED (__DATA_REGION_ORIGIN__)?__DATA_REGION_ORIGIN__:0x800060
                [0x0000000000000400]                __TEXT_REGION_LENGTH__ = DEFINED (__TEXT_REGION_LENGTH__)?__TEXT_REGION_LENGTH__:0x2000
                [0x0000000000000040]                __DATA_REGION_LENGTH__ = DEFINED (__DATA_REGION_LENGTH__)?__DATA_REGION_LENGTH__:0xffa0
                [0x0000000000000040]                __EEPROM_REGION_LENGTH__ = DEFINED (__EEPROM_REGION_LENGTH__)?__EEPROM_REGION_LENGTH__:0x10000
                [0x0000000000000002]                __FUSE_REGION_LENGTH__ = DEFINED (__FUSE_REGION_LENGTH__)?__FUSE_REGION_LENGTH__:0x400
                0x0000000000000400                __LOCK_REGION_LENGTH__ = DEFINED (__LOCK_REGION_LENGTH__)?__LOCK_REGION_LENGTH__:0x400
                0x0000000000000400                __SIGNATURE_REGION_LENGTH__ = DEFINED (__SIGNATURE_REGION_LENGTH__)?__SIGNATURE_REGION_LENGTH__:0x400
                0x0000000000000400                __USER_SIGNATURE_REGION_LENGTH__ = DEFINED (__USER_SIGNATURE_REGION_LENGTH__)?__USER_SIGNATURE_REGION_LENGTH__:0x400

.hash
 *(.hash)

.dynsym
 *(.dynsym)

.dynstr
 *(.dynstr)

.gnu.version
 *(.gnu.version)

.gnu.version_d
 *(.gnu.version_d)

.gnu.version_r
 *(.gnu.version_r)

.rel.init
 *(.rel.init)

.rela.init
 *(.rela.init)

.rel.text
 *(.rel.text)
 *(.rel.text.*)
 *(.rel.gnu.linkonce.t*)

.rela.text
 *(.rela.text)
 *(.rela.text.*)
 *(.rela.gnu.linkonce.t*)

.rel.fini
 *(.rel.fini)

.rela.fini
 *(.rela.fini)

.rel.rodata
 *(.rel.rodata)
 *(.rel.rodata.*)
 *(.rel.gnu.linkonce.r*)

.rela.rodata
 *(.rela.rodata)
 *(.rela.rodata.*)
 *(.rela.gnu.linkonce.r*)

.rel.data
 *(.rel.data)
 *(.rel.data.*)
 *(.rel.gnu.linkonce.d*)

.rela.data
 *(.rela.data)
 *(.rela.data.*)
 *(.rela.gnu.linkonce.d*)

.rel.ctors
 *(.rel.ctors)

.rela.ctors
 *(.rela.ctors)

.rel.dtors
 *(.rel.dtors)

.rela.dtors
 *(.rela.dtors)

.rel.got
 *(.rel.got)

.rela.got
 *(.rela.got)

.rel.bss
 *(.rel.bss)

.rela.bss
 *(.rela.bss)

.rel.plt
 *(.rel.plt)

.rela.plt
 *(.rela.plt)

.text           0x0000000000000000       0x66
 *(.vectors)
 .vectors       0x0000000000000000       0x14 D:/Microchip Studio/7.0/Packs/atmel/ATtiny_DFP/1.8.332/xc8/avr/lib/avr25/tiny-stack/memx-const/crtattiny13a.o
                0x0000000000000000                __vector_default
                0x0000000000000000                __vectors
 *(.vectors)
 *(.progmem.gcc*)
 *(.dinit)
 .dinit         0x0000000000000014        0x5 data_init
                0x000000000000001a                . = ALIGN (0x2)
 *fill*         0x0000000000000019        0x1 
                0x000000000000001a                __trampolines_start = .
 *(.trampolines)
 .trampolines   0x000000000000001a        0x0 linker stubs
 *(.trampolines*)
                0x000000000000001a                __trampolines_end = .
 *libprintf_flt.a:*(.progmem.data)
 *libc.a:*(.progmem.data)
                0x000000000000001a                . = ALIGN (0x2)
 *(.jumptables)
 *(.jumptables*)
 *(.lowtext)
 *(.lowtext*)
                0x000000000000001a                __ctors_start = .
 *(.ctors)
                0x000000000000001a                __ctors_end = .
                0x000000000000001a                __dtors_start = .
 *(.dtors)
                0x000000000000001a                __dtors_end = .
 SORT(*)(.ctors)
 SORT(*)(.dtors)
 *(.init0)
 .init0         0x000000000000001a        0x0 D:/Microchip Studio/7.0/Packs/atmel/ATtiny_DFP/1.8.332/xc8/avr/lib/avr25/tiny-stack/memx-const/crtattiny13a.o
                0x000000000000001a                __init
 *(.init0)
 *(.init1)
 *(.init1)
 *(.init2)
 .init2         0x000000000000001a        0x8 D:/Microchip Studio/7.0/Packs/atmel/ATtiny_DFP/1.8.332/xc8/avr/lib/avr25/tiny-stack/memx-const/crtattiny13a.o
 *(.init2)
 *(.init3)
 *(.init3)
 *(.init4)
 .init4         0x0000000000000022       0x3c d:/microchip studio/avr/bin/../lib/gcc/avr/5.4.0/avr25/tiny-stack/memx-const\libgcc.a(_copy_data.o)
                0x0000000000000022                __do_copy_data
                0x0000000000000050                __do_clear_bss
 *(.init4)
 *(.init5)
 *(.init5)
 *(.init6)
 *(.init6)
 *(.init7)
 *(.init7)
 *(.init8)
 *(.init8)
 *(.init9)
 .init9         0x000000000000005e        0x4 D:/Microchip Studio/7.0/Packs/atmel/ATtiny_DFP/1.8.332/xc8/avr/lib/avr25/tiny-stack/memx-const/crtattiny13a.o
 *(.init9)
                0x0000000000000062                . = ALIGN (0x2)
 *(.fini9)
 .fini9         0x0000000000000062        0x0 d:/microchip studio/avr/bin/../lib/gcc/avr/5.4.0/avr25/tiny-stack/memx-const\libgcc.a(_exit.o)
                0x0000000000000062                _exit
                0x0000000000000062                exit
 *(.fini9)
 *(.fini8)
 *(.fini8)
 *(.fini7)
 *(.fini7)
 *(.fini6)
 *(.fini6)
 *(.fini5)
 *(.fini5)
 *(.fini4)
 *(.fini4)
 *(.fini3)
 *(.fini3)
 *(.fini2)
 *(.fini2)
 *(.fini1)
 *(.fini1)
 *(.fini0)
 .fini0         0x0000000000000062        0x4 d:/microchip studio/avr/bin/../lib/gcc/avr/5.4.0/avr25/tiny-stack/memx-const\libgcc.a(_exit.o)
 *(.fini0)
                0x0000000000000066                _etext = .

.data           0x0000000000800060        0x0 load address 0x0000000000000066
                [!provide]                        PROVIDE (__data_start, .)
 *(.gnu.linkonce.d*)
 *(.gnu.linkonce.r*)
                0x0000000000800060                . = ALIGN (0x2)
                0x0000000000800060                _edata = .
                [!provide]                        PROVIDE (__data_end, .)

.bss            0x0000000000800060        0xc
                [!provide]                        PROVIDE (__bss_start, .)
 *(COMMON)
 COMMON         0x0000000000800060        0xc main.o
                0x0000000000800060                l
                0x0000000000800062                button
                0x0000000000800064                state
                0x0000000000800066                button_prev
                0x0000000000800068                i
                0x000000000080006a                ir
                [!provide]                        PROVIDE (__bss_end, .)
                0x0000000000000066                __data_load_start = LOADADDR (.data)
                0x0000000000000066                __data_load_end = (__data_load_start + SIZEOF (.data))

.noinit         0x000000000080006c        0x0
                [!provide]                        PROVIDE (__noinit_start, .)
 *(.noinit*)
                [!provide]                        PROVIDE (__noinit_end, .)
                0x000000000080006c                _end = .

.eeprom         0x0000000000810000        0x0
 *(.eeprom*)
                0x0000000000810000                __eeprom_end = .

.fuse
 *(.fuse)
 *(.lfuse)
 *(.hfuse)
 *(.efuse)

.lock
 *(.lock*)

.signature
 *(.signature*)

.user_signatures
 *(.user_signatures*)

.stab
 *(.stab)

.stabstr
 *(.stabstr)

.stab.excl
 *(.stab.excl)

.stab.exclstr
 *(.stab.exclstr)

.stab.index
 *(.stab.index)

.stab.indexstr
 *(.stab.indexstr)

.comment        0x0000000000000000       0x2f
 *(.comment)
 .comment       0x0000000000000000       0x2f main.o
                                         0x30 (size before relaxing)

.note.gnu.build-id
 *(.note.gnu.build-id)

.debug
 *(.debug)

.line
 *(.line)

.debug_srcinfo
 *(.debug_srcinfo)

.debug_sfnames
 *(.debug_sfnames)

.debug_aranges  0x0000000000000000       0x30
 *(.debug_aranges)
 .debug_aranges
                0x0000000000000000       0x30 main.o

.debug_pubnames
 *(.debug_pubnames)

.debug_info     0x0000000000000000      0x9ae
 *(.debug_info .gnu.linkonce.wi.*)
 .debug_info    0x0000000000000000      0x2dc D:/Microchip Studio/7.0/Packs/atmel/ATtiny_DFP/1.8.332/xc8/avr/lib/avr25/tiny-stack/memx-const/crtattiny13a.o
 .debug_info    0x00000000000002dc      0x6d2 main.o

.debug_abbrev   0x0000000000000000      0x3f6
 *(.debug_abbrev)
 .debug_abbrev  0x0000000000000000      0x2b6 D:/Microchip Studio/7.0/Packs/atmel/ATtiny_DFP/1.8.332/xc8/avr/lib/avr25/tiny-stack/memx-const/crtattiny13a.o
 .debug_abbrev  0x00000000000002b6      0x140 main.o

.debug_line     0x0000000000000000      0x368
 *(.debug_line .debug_line.* .debug_line_end)
 .debug_line    0x0000000000000000       0xcd D:/Microchip Studio/7.0/Packs/atmel/ATtiny_DFP/1.8.332/xc8/avr/lib/avr25/tiny-stack/memx-const/crtattiny13a.o
 .debug_line    0x00000000000000cd      0x29b main.o

.debug_frame    0x0000000000000000       0x44
 *(.debug_frame)
 .debug_frame   0x0000000000000000       0x44 main.o

.debug_str      0x0000000000000000      0x111
 *(.debug_str)
 .debug_str     0x0000000000000000      0x100 D:/Microchip Studio/7.0/Packs/atmel/ATtiny_DFP/1.8.332/xc8/avr/lib/avr25/tiny-stack/memx-const/crtattiny13a.o
 .debug_str     0x0000000000000100       0x11 main.o

.debug_loc      0x0000000000000000      0x382
 *(.debug_loc)
 .debug_loc     0x0000000000000000      0x382 main.o

.debug_macinfo
 *(.debug_macinfo)

.debug_weaknames
 *(.debug_weaknames)

.debug_funcnames
 *(.debug_funcnames)

.debug_typenames
 *(.debug_typenames)

.debug_varnames
 *(.debug_varnames)

.debug_pubtypes
 *(.debug_pubtypes)

.debug_ranges   0x0000000000000000       0x20
 *(.debug_ranges)
 .debug_ranges  0x0000000000000000       0x20 main.o

.debug_macro
 *(.debug_macro)
OUTPUT(Office Notifier.elf elf32-avr)
LOAD linker stubs
LOAD data_init

.note.gnu.avr.deviceinfo
                0x0000000000000000       0x3c
 .note.gnu.avr.deviceinfo
                0x0000000000000000       0x3c D:/Microchip Studio/7.0/Packs/atmel/ATtiny_DFP/1.8.332/xc8/avr/lib/avr25/tiny-stack/memx-const/crtattiny13a.o

.bss.ee         0x000000000080006c        0x2
 .bss.ee        0x000000000080006c        0x2 main.o
                0x000000000080006c                ee

.text.main      0x0000000000000066      0x112
 .text.main     0x0000000000000066      0x112 main.o
                0x0000000000000066                main

.text.easteregg
                0x0000000000000178       0x74
 .text.easteregg
                0x0000000000000178       0x74 main.o
                0x0000000000000178                easteregg

.text.setled    0x00000000000001ec       0x38
 .text.setled   0x00000000000001ec       0x38 main.o
                0x00000000000001ec                setled

.text           0x0000000000000224        0x2
 .text          0x0000000000000224        0x2 D:/Microchip Studio/7.0/Packs/atmel/ATtiny_DFP/1.8.332/xc8/avr/lib/avr25/tiny-stack/memx-const/crtattiny13a.o
                0x0000000000000224                __vector_1
                0x0000000000000224                __bad_interrupt
                0x0000000000000224                __vector_6
                0x0000000000000224                __vector_3
                0x0000000000000224                __vector_7
                0x0000000000000224                __vector_5
                0x0000000000000224                __vector_4
                0x0000000000000224                __vector_9
                0x0000000000000224                __vector_2
                0x0000000000000224                __vector_8
